C51 COMPILER V8.12   CORE_EGPC                                                             07/28/2018 12:03:41 PAGE 1   


C51 COMPILER V8.12, COMPILATION OF MODULE CORE_EGPC
OBJECT MODULE PLACED IN Code\CORE\CORE_EGPC.OBJ
COMPILER INVOKED BY: C:\Keil\C51\BIN\C51.EXE Code\CORE\CORE_EGPC.C LA WL(1) CD OT(9,SIZE) NOAREGS OR INCDIR(.\Code\CORE\
                    -INCLUDE\;.\Code\OEM\INCLUDE\;.\Code\CHIP\INCLUDE\)

line level    source

   1          /*-----------------------------------------------------------------------------
   2           * TITLE: CORE_EGPC.C
   3           *
   4           * Author : Cark
   5           *
   6           * Copyright (c) ITE INC. All Rights Reserved.
   7           *
   8           *---------------------------------------------------------------------------*/
   9          
  10          #include <CORE_INCLUDE.H>
  11          #include <OEM_INCLUDE.H>
  12          
  13          #define T_EGPC_LOOP         0x100
  14          
  15          //-----------------------------------------------------------------------------
  16          // Read External GPIO
  17          //-----------------------------------------------------------------------------
  18          bit EGPC_Read( BYTE Addr )
  19          {
  20   1              #if     Support_External_IO
                  EADDR = Addr;
              
                  if( (EDAT >> 5) & 0x01 )
                      return  TRUE;
              
                      #endif  // Support_External_IO
  27   1          return  FALSE;
  28   1      }
  29          
  30          //-----------------------------------------------------------------------------
  31          // Write External GPIO
  32          //-----------------------------------------------------------------------------
  33          void EGPC_Write( BYTE Addr, BYTE Data )
  34          {
  35   1              #if     Support_External_IO
                  BYTE EGPC_TimeOut;
              
                  EADDR = Addr;
                  EDAT  = Data;
              
                  EGPC_TimeOut = T_EGPC_LOOP;         // Count 0x100
                  while( (ESTS & 0x01) == 0 )
                  {
                      EGPC_TimeOut--;
                      if( EGPC_TimeOut == 0 )
                              { break; }
                  }   // Check transfer cycle done
                  #endif      // Support_External_IO
  49   1      }
  50          
  51          //-----------------------------------------------------------------------------
  52          // Set External GPIO
  53          //-----------------------------------------------------------------------------
  54          void Set_EGPC( BYTE Addr )
C51 COMPILER V8.12   CORE_EGPC                                                             07/28/2018 12:03:41 PAGE 2   

  55          {
  56   1              #if     Support_External_IO
                  BYTE EGPC_TimeOut;
              
                  EADDR = Addr;
                  EDAT |= 0x01;
              
                  EGPC_TimeOut = T_EGPC_LOOP;
                  while( (ESTS & 0x01) == 0 )
                  {
                      EGPC_TimeOut--;
                      if( EGPC_TimeOut == 0 )     break;
                  }   // Check transfer cycle done
                      #endif  // Support_External_IO
  69   1      }
  70          
  71          
  72          //-----------------------------------------------------------------------------
  73          // Clear External GPIO
  74          //-----------------------------------------------------------------------------
  75          void Clr_EGPC(BYTE Addr)
  76          {
  77   1              #if     Support_External_IO
                  BYTE EGPC_TimeOut;
              
                  EADDR = Addr;           // Address
                  EDAT &= ~0x01;          // Data
              
                  EGPC_TimeOut = T_EGPC_LOOP;
                  while( (ESTS & 0x01) == 0 )
                  {
                      EGPC_TimeOut--;
                      if( EGPC_TimeOut == 0 )     break;
                  }   // Check transfer cycle done
                  #endif      // Support_External_IO
  90   1      }
  91          
  92          //-----------------------------------------------------------------------------
  93          void Init_IT8302(void)
  94          {
  95   1              #if     Support_External_IO
                  EGPC_Write(EG_FB_CLAMP,     EX_INPUT);      // 000100 00 GPIO4   FB_CLAMP
                  EGPC_Write(EG_GC6_EVENT,    EX_INPUT);      // 000101 00 GPIO5   GC6_EVENT#
                  EGPC_Write(EG_DGPU_PWROK,   EX_INPUT);      // 000111 00 GPIO7   DGPU_PWROK
                  EGPC_Write(EG_DGPU_PWR_EN,  EX_OUT_LOW);// 001001 00 GPIO9   DGPU_PWR_EN
                  EGPC_Write(EG_DGPU_HOLD_RST,EX_OUT_LOW);// 001011 00 GPIO11  DGPU_HOLD_RST#
                  EGPC_Write(EG_DGPU_GC6_EN,  EX_INPUT);      // 001101 00 GPIO13  DGPU_GC6_EN
                  EGPC_Write(EG_NVDD_PWR_EN,  EX_OUT_LOW);// 010010 00 GPIO18  NVDD_PWR_EN
                  EGPC_Write(EG_KBL_DET,      EX_INPUT);      // 010100 00 GPIO20  KBL_DET#
              
                  EGPC_Write(EG_GPIO22,       EX_OUT_LOW);// 010110 00 GPIO22
                  EGPC_Write(EG_S_NVDD_PWR_EN,EX_OUT_LOW);// 011000 00 GPIO24  S_NVDD_PWR_EN
                  EGPC_Write(EG_GPIO26,       EX_INPUT);      // 011010 00 GPIO26
                  EGPC_Write(EG_S_DGPU_RST,   EX_OUT_LOW);// 011011 00 GPIO27  S_DGPU_RST
                  EGPC_Write(EG_S_DGPU_PWR_EN,EX_OUT_LOW);// 011101 00 GPIO29  S_DGPU_PWR_EN
                  EGPC_Write(EG_S_DGPU_PWROK, EX_INPUT);      // 011111 00 GPIO31  S_DGPU_PWROK
                  EGPC_Write(EG_S_GC6_EVENT,  EX_INPUT);      // 100001 00 GPIO33  S_GC6_EVENT#
                  EGPC_Write(EG_S_GC6_EN,     EX_INPUT);      // 100011 00 GPIO35  S_GC6_EN
                  #endif      // Support_External_IO
 114   1      }
 115          
 116          void Init_IT8302_ControlPin(void) // Control Pin Default Output Low
C51 COMPILER V8.12   CORE_EGPC                                                             07/28/2018 12:03:41 PAGE 3   

 117          {
 118   1              #if     Support_External_IO
                  DGPU_PWR_EN_LOW();
                  DGPU_HOLD_RST_LOW();
                  DGPU_GC6_EN_LOW();
                  NVDD_PWR_EN_LOW();
                  S_NVDD_PWR_EN_LOW();
                  S_DGPU_RST_LOW();
                  S_DGPU_PWR_EN_LOW();
                      DGPU_FB_CLAMP_LOW();
                      #endif  // Support_External_IO
 128   1      }
 129          
 130          
C51 COMPILER V8.12   CORE_EGPC                                                             07/28/2018 12:03:41 PAGE 4   

ASSEMBLY LISTING OF GENERATED OBJECT CODE


             ; FUNCTION _EGPC_Read (BEGIN)
                                           ; SOURCE LINE # 18
0000 900000      R     MOV     DPTR,#Addr
0003 EF                MOV     A,R7
0004 F0                MOVX    @DPTR,A
                                           ; SOURCE LINE # 19
                                           ; SOURCE LINE # 27
0005 C3                CLR     C
                                           ; SOURCE LINE # 28
0006         ?C0001:
0006 22                RET     
             ; FUNCTION _EGPC_Read (END)

             ; FUNCTION _EGPC_Write (BEGIN)
                                           ; SOURCE LINE # 33
0000 900000      R     MOV     DPTR,#Addr
0003 EF                MOV     A,R7
0004 F0                MOVX    @DPTR,A
0005 A3                INC     DPTR
0006 ED                MOV     A,R5
0007 F0                MOVX    @DPTR,A
                                           ; SOURCE LINE # 34
                                           ; SOURCE LINE # 49
0008 22                RET     
             ; FUNCTION _EGPC_Write (END)

             ; FUNCTION _Set_EGPC (BEGIN)
                                           ; SOURCE LINE # 54
0000 900000      R     MOV     DPTR,#Addr
0003 EF                MOV     A,R7
0004 F0                MOVX    @DPTR,A
                                           ; SOURCE LINE # 55
                                           ; SOURCE LINE # 69
0005 22                RET     
             ; FUNCTION _Set_EGPC (END)

             ; FUNCTION _Clr_EGPC (BEGIN)
                                           ; SOURCE LINE # 75
0000 900000      R     MOV     DPTR,#Addr
0003 EF                MOV     A,R7
0004 F0                MOVX    @DPTR,A
                                           ; SOURCE LINE # 76
                                           ; SOURCE LINE # 90
0005 22                RET     
             ; FUNCTION _Clr_EGPC (END)

             ; FUNCTION Init_IT8302 (BEGIN)
                                           ; SOURCE LINE # 93
                                           ; SOURCE LINE # 94
                                           ; SOURCE LINE # 114
0000 22                RET     
             ; FUNCTION Init_IT8302 (END)

             ; FUNCTION Init_IT8302_ControlPin (BEGIN)
                                           ; SOURCE LINE # 116
                                           ; SOURCE LINE # 117
                                           ; SOURCE LINE # 128
0000 22                RET     
             ; FUNCTION Init_IT8302_ControlPin (END)
C51 COMPILER V8.12   CORE_EGPC                                                             07/28/2018 12:03:41 PAGE 5   




MODULE INFORMATION:   STATIC OVERLAYABLE
   CODE SIZE        =     30    ----
   CONSTANT SIZE    =   ----    ----
   XDATA SIZE       =   ----       5
   PDATA SIZE       =   ----    ----
   DATA SIZE        =   ----    ----
   IDATA SIZE       =   ----    ----
   BIT SIZE         =   ----    ----
END OF MODULE INFORMATION.


C51 COMPILATION COMPLETE.  0 WARNING(S),  0 ERROR(S)
