C51 COMPILER V8.12   OEM_SPI                                                               07/28/2018 12:03:57 PAGE 1   


C51 COMPILER V8.12, COMPILATION OF MODULE OEM_SPI
OBJECT MODULE PLACED IN Code\Oem\OEM_SPI.OBJ
COMPILER INVOKED BY: C:\Keil\C51\BIN\C51.EXE Code\Oem\OEM_SPI.C LA WL(1) CD OT(9,SIZE) NOAREGS OR INCDIR(.\Code\CORE\INC
                    -LUDE\;.\Code\OEM\INCLUDE\;.\Code\CHIP\INCLUDE\)

line level    source

   1          /*-----------------------------------------------------------------------------
   2           * TITLE: OEM_SPI.C
   3           *
   4           * Author : Dino
   5           *
   6           * Note : These functions are reference only.
   7           *---------------------------------------------------------------------------*/
   8           
   9          #include <CORE_INCLUDE.H>
  10          #include <OEM_INCLUDE.H>
  11          
C51 COMPILER V8.12   OEM_SPI                                                               07/28/2018 12:03:57 PAGE 2   

ASSEMBLY LISTING OF GENERATED OBJECT CODE




MODULE INFORMATION:   STATIC OVERLAYABLE
   CODE SIZE        =   ----    ----
   CONSTANT SIZE    =   ----    ----
   XDATA SIZE       =   ----    ----
   PDATA SIZE       =   ----    ----
   DATA SIZE        =   ----    ----
   IDATA SIZE       =   ----    ----
   BIT SIZE         =   ----    ----
END OF MODULE INFORMATION.


C51 COMPILATION COMPLETE.  0 WARNING(S),  0 ERROR(S)
