C51 COMPILER V8.12   OEM_CIR                                                               07/28/2018 12:03:49 PAGE 1   


C51 COMPILER V8.12, COMPILATION OF MODULE OEM_CIR
OBJECT MODULE PLACED IN Code\OEM\OEM_CIR.OBJ
COMPILER INVOKED BY: C:\Keil\C51\BIN\C51.EXE Code\OEM\OEM_CIR.C LA WL(1) CD OT(9,SIZE) NOAREGS OR INCDIR(.\Code\CORE\INC
                    -LUDE\;.\Code\OEM\INCLUDE\;.\Code\CHIP\INCLUDE\)

line level    source

   1          /*-----------------------------------------------------------------------------
   2           * TITLE: OEM_CIR.C
   3           *
   4           * Author : Dino
   5           *
   6           * Note : These functions are reference only.
   7           *        Please follow your project software specification to do some modification.
   8           *---------------------------------------------------------------------------*/
   9          
  10          #include <CORE_INCLUDE.H>
  11          #include <OEM_INCLUDE.H>
  12          
  13          //----------------------------------------------------------------------------
  14          // The function of CIR Interrupt service routine
  15          //----------------------------------------------------------------------------
  16          void service_cir(void)
  17          {
  18   1      
  19   1      }
C51 COMPILER V8.12   OEM_CIR                                                               07/28/2018 12:03:49 PAGE 2   

ASSEMBLY LISTING OF GENERATED OBJECT CODE


             ; FUNCTION service_cir (BEGIN)
                                           ; SOURCE LINE # 16
                                           ; SOURCE LINE # 17
                                           ; SOURCE LINE # 19
0000 22                RET     
             ; FUNCTION service_cir (END)



MODULE INFORMATION:   STATIC OVERLAYABLE
   CODE SIZE        =      1    ----
   CONSTANT SIZE    =   ----    ----
   XDATA SIZE       =   ----    ----
   PDATA SIZE       =   ----    ----
   DATA SIZE        =   ----    ----
   IDATA SIZE       =   ----    ----
   BIT SIZE         =   ----    ----
END OF MODULE INFORMATION.


C51 COMPILATION COMPLETE.  0 WARNING(S),  0 ERROR(S)
